// Jest Snapshot v1, https://goo.gl/fbAQLP

exports[`Player render correctly 1`] = `<div />`;
