// Jest Snapshot v1, https://goo.gl/fbAQLP

exports[`App render correctly activeMovie = mocks.movies[0], playingMovie = mocks.movies[1] 1`] = `
<div
  className="player"
>
  <video
    className="player__video"
  />
  <button
    className="player__exit"
    onClick={[Function]}
    type="button"
  >
    Exit
  </button>
  <div
    className="player__controls"
  >
    <div
      className="player__controls-row"
    >
      <div
        className="player__time"
      >
        <progress
          className="player__progress"
          max={1680}
          value={0}
        />
        <div
          className="player__toggler"
          style={
            Object {
              "left": "0%",
            }
          }
        >
          Toggler
        </div>
      </div>
      <div
        className="player__time-value"
      >
        00:00:00
      </div>
    </div>
    <div
      className="player__controls-row"
    >
      <button
        className="player__play"
        disabled={true}
        onClick={[Function]}
        type="button"
      >
        <svg
          height="19"
          viewBox="0 0 19 19"
          width="19"
        >
          <use
            xlinkHref="#play-s"
          />
        </svg>
        <span>
          Play
        </span>
      </button>
      <div
        className="player__name"
      >
        Test2
      </div>
      <button
        className="player__full-screen"
        onClick={[Function]}
        type="button"
      >
        <svg
          height="27"
          viewBox="0 0 27 27"
          width="27"
        >
          <use
            xlinkHref="#full-screen"
          />
        </svg>
        <span>
          Full screen
        </span>
      </button>
    </div>
  </div>
</div>
`;

exports[`App render correctly activeMovie = mocks.movies[1], playingMovie = null 1`] = `
Array [
  <section
    className="movie-card movie-card--full"
  >
    <div
      className="movie-card__hero"
    >
      <div
        className="movie-card__bg"
      >
        <img
          alt="Test2"
          src="test2.jpg"
        />
      </div>
      <h1
        className="visually-hidden"
      >
        WTW
      </h1>
      <header
        className="page-header movie-card__head"
      >
        <div
          className="logo"
          onClick={[Function]}
        >
          <a
            className="logo__link"
            href="main.html"
          >
            <span
              className="logo__letter logo__letter--1"
            >
              W
            </span>
            <span
              className="logo__letter logo__letter--2"
            >
              T
            </span>
            <span
              className="logo__letter logo__letter--3"
            >
              W
            </span>
          </a>
        </div>
        <div
          className="user-block"
        >
          <div
            className="user-block__avatar"
          >
            <img
              alt="User avatar"
              height="63"
              src="img/avatar.jpg"
              width="63"
            />
          </div>
        </div>
      </header>
      <div
        className="movie-card__wrap"
      >
        <div
          className="movie-card__desc"
        >
          <h2
            className="movie-card__title"
          >
            Test2
          </h2>
          <p
            className="movie-card__meta"
          >
            <span
              className="movie-card__genre"
            >
              Test22
            </span>
            <span
              className="movie-card__year"
            >
              2020
            </span>
          </p>
          <div
            className="movie-card__buttons"
          >
            <button
              className="btn btn--play movie-card__button"
              onClick={[Function]}
              type="button"
            >
              <svg
                height="19"
                viewBox="0 0 19 19"
                width="19"
              >
                <use
                  xlinkHref="#play-s"
                />
              </svg>
              <span>
                Play
              </span>
            </button>
            <button
              className="btn btn--list movie-card__button"
              type="button"
            >
              <svg
                height="20"
                viewBox="0 0 19 20"
                width="19"
              >
                <use
                  xlinkHref="#add"
                />
              </svg>
              <span>
                My list
              </span>
            </button>
            <a
              className="btn movie-card__button"
              href="add-review.html"
            >
              Add review
            </a>
          </div>
        </div>
      </div>
    </div>
    <div
      className="movie-card__wrap movie-card__translate-top"
    >
      <div
        className="movie-card__info"
      >
        <div
          className="movie-card__poster movie-card__poster--big"
        >
          <img
            alt="Test2 poster"
            height="327"
            src="test2.jpg"
            width="218"
          />
        </div>
        <div
          className="movie-card__desc"
        >
          <nav
            className="movie-nav movie-card__nav"
          >
            <ul
              className="movie-nav__list"
            >
              <li
                className="movie-nav__item movie-nav__item--active"
              >
                <a
                  className="movie-nav__link"
                  href="#"
                  onClick={[Function]}
                >
                  Overview
                </a>
              </li>
              <li
                className="movie-nav__item "
              >
                <a
                  className="movie-nav__link"
                  href="#"
                  onClick={[Function]}
                >
                  Details
                </a>
              </li>
              <li
                className="movie-nav__item "
              >
                <a
                  className="movie-nav__link"
                  href="#"
                  onClick={[Function]}
                >
                  Reviews
                </a>
              </li>
            </ul>
          </nav>
          <div
            className="movie-rating"
          >
            <div
              className="movie-rating__score"
            >
              8.5
            </div>
            <p
              className="movie-rating__meta"
            >
              <span
                className="movie-rating__level"
              >
                Very good
              </span>
              <span
                className="movie-rating__count"
              >
                48
                 ratings
              </span>
            </p>
          </div>
          <div
            className="movie-card__text"
          >
            <p>
              Gustave prides himself on providing first-className service to the hotel&apos;s guests, including satisfying the sexual needs of the many elderly women who stay there. When one of Gustave&apos;s lovers dies mysteriously, Gustave finds himself the recipient of a priceless painting and the chief suspect in her murder.
            </p>
            <p
              className="movie-card__director"
            >
              <strong>
                Director: 
                Test23
              </strong>
            </p>
            <p
              className="movie-card__starring"
            >
              <strong>
                Starring: 
                Test24, Test25, Test26, Test27 Test27
                 and other
              </strong>
            </p>
          </div>
        </div>
      </div>
    </div>
  </section>,
  <div
    className="page-content"
  >
    <section
      className="catalog catalog--like-this"
    >
      <h2
        className="catalog__title"
      >
        More like this
      </h2>
      <div
        className="catalog__movies-list"
      >
        <article
          className="small-movie-card catalog__movies-card"
          onClick={[Function]}
          onMouseEnter={[Function]}
          onMouseLeave={[Function]}
        >
          <div
            className="small-movie-card__image"
          >
            <img
              alt="Test2"
              height="175"
              src="test2.jpg"
              width="280"
            />
          </div>
          <h3
            className="small-movie-card__title"
          >
            <a
              className="small-movie-card__link"
              href="movie-page.html"
            >
              Test2
            </a>
          </h3>
        </article>
      </div>
    </section>
    <footer
      className="page-footer"
    >
      <div
        className="logo"
        onClick={[Function]}
      >
        <a
          className="logo__link logo__link--light"
          href="main.html"
        >
          <span
            className="logo__letter logo__letter--1"
          >
            W
          </span>
          <span
            className="logo__letter logo__letter--2"
          >
            T
          </span>
          <span
            className="logo__letter logo__letter--3"
          >
            W
          </span>
        </a>
      </div>
      <div
        className="copyright"
      >
        <p>
          Â© 2019 What to watch Ltd.
        </p>
      </div>
    </footer>
  </div>,
]
`;

exports[`App render correctly activeMovie = null, playingMovie = mocks.movies[0] 1`] = `
<div
  className="player"
>
  <video
    className="player__video"
  />
  <button
    className="player__exit"
    onClick={[Function]}
    type="button"
  >
    Exit
  </button>
  <div
    className="player__controls"
  >
    <div
      className="player__controls-row"
    >
      <div
        className="player__time"
      >
        <progress
          className="player__progress"
          max={1140}
          value={0}
        />
        <div
          className="player__toggler"
          style={
            Object {
              "left": "0%",
            }
          }
        >
          Toggler
        </div>
      </div>
      <div
        className="player__time-value"
      >
        00:00:00
      </div>
    </div>
    <div
      className="player__controls-row"
    >
      <button
        className="player__play"
        disabled={true}
        onClick={[Function]}
        type="button"
      >
        <svg
          height="19"
          viewBox="0 0 19 19"
          width="19"
        >
          <use
            xlinkHref="#play-s"
          />
        </svg>
        <span>
          Play
        </span>
      </button>
      <div
        className="player__name"
      >
        Test1
      </div>
      <button
        className="player__full-screen"
        onClick={[Function]}
        type="button"
      >
        <svg
          height="27"
          viewBox="0 0 27 27"
          width="27"
        >
          <use
            xlinkHref="#full-screen"
          />
        </svg>
        <span>
          Full screen
        </span>
      </button>
    </div>
  </div>
</div>
`;

exports[`App render correctly activeMovie = null, playingMovie = null 1`] = `
Array [
  <section
    className="movie-card"
  >
    <div
      className="movie-card__bg"
    >
      <img
        alt="The Grand Budapest Hotel"
        src="img/bg-the-grand-budapest-hotel.jpg"
      />
    </div>
    <h1
      className="visually-hidden"
    >
      WTW
    </h1>
    <header
      className="page-header movie-card__head"
    >
      <div
        className="logo"
      >
        <a
          className="logo__link"
        >
          <span
            className="logo__letter logo__letter--1"
          >
            W
          </span>
          <span
            className="logo__letter logo__letter--2"
          >
            T
          </span>
          <span
            className="logo__letter logo__letter--3"
          >
            W
          </span>
        </a>
      </div>
      <div
        className="user-block"
      >
        <div
          className="user-block__avatar"
        >
          <img
            alt="User avatar"
            height="63"
            src="img/avatar.jpg"
            width="63"
          />
        </div>
      </div>
    </header>
    <div
      className="movie-card__wrap"
    >
      <div
        className="movie-card__info"
      >
        <div
          className="movie-card__poster"
        >
          <img
            alt="The Grand Budapest Hotel poster"
            height="327"
            src="img/the-grand-budapest-hotel-poster.jpg"
            width="218"
          />
        </div>
        <div
          className="movie-card__desc"
        >
          <h2
            className="movie-card__title"
          >
            Test1
          </h2>
          <p
            className="movie-card__meta"
          >
            <span
              className="movie-card__genre"
            >
              Drama
            </span>
            <span
              className="movie-card__year"
            >
              2016
            </span>
          </p>
          <div
            className="movie-card__buttons"
          >
            <button
              className="btn btn--play movie-card__button"
              onClick={[Function]}
              type="button"
            >
              <svg
                height="19"
                viewBox="0 0 19 19"
                width="19"
              >
                <use
                  xlinkHref="#play-s"
                />
              </svg>
              <span>
                Play
              </span>
            </button>
            <button
              className="btn btn--list movie-card__button"
              type="button"
            >
              <svg
                height="20"
                viewBox="0 0 19 20"
                width="19"
              >
                <use
                  xlinkHref="#add"
                />
              </svg>
              <span>
                My list
              </span>
            </button>
          </div>
        </div>
      </div>
    </div>
  </section>,
  <div
    className="page-content"
  >
    <section
      className="catalog"
    >
      <h2
        className="catalog__title visually-hidden"
      >
        Catalog
      </h2>
      <ul
        className="catalog__genres-list"
      >
        <li
          className="catalog__genres-item catalog__genres-item--active"
        >
          <a
            className="catalog__genres-link"
            href="#"
            onClick={[Function]}
          >
            All genres
          </a>
        </li>
        <li
          className="catalog__genres-item "
        >
          <a
            className="catalog__genres-link"
            href="#"
            onClick={[Function]}
          >
            Drama
          </a>
        </li>
        <li
          className="catalog__genres-item "
        >
          <a
            className="catalog__genres-link"
            href="#"
            onClick={[Function]}
          >
            Test22
          </a>
        </li>
        <li
          className="catalog__genres-item "
        >
          <a
            className="catalog__genres-link"
            href="#"
            onClick={[Function]}
          >
            Test33
          </a>
        </li>
      </ul>
      <div
        className="catalog__movies-list"
      >
        <article
          className="small-movie-card catalog__movies-card"
          onClick={[Function]}
          onMouseEnter={[Function]}
          onMouseLeave={[Function]}
        >
          <div
            className="small-movie-card__image"
          >
            <img
              alt="Test1"
              height="175"
              src="test1.jpg"
              width="280"
            />
          </div>
          <h3
            className="small-movie-card__title"
          >
            <a
              className="small-movie-card__link"
              href="movie-page.html"
            >
              Test1
            </a>
          </h3>
        </article>
        <article
          className="small-movie-card catalog__movies-card"
          onClick={[Function]}
          onMouseEnter={[Function]}
          onMouseLeave={[Function]}
        >
          <div
            className="small-movie-card__image"
          >
            <img
              alt="Test2"
              height="175"
              src="test2.jpg"
              width="280"
            />
          </div>
          <h3
            className="small-movie-card__title"
          >
            <a
              className="small-movie-card__link"
              href="movie-page.html"
            >
              Test2
            </a>
          </h3>
        </article>
        <article
          className="small-movie-card catalog__movies-card"
          onClick={[Function]}
          onMouseEnter={[Function]}
          onMouseLeave={[Function]}
        >
          <div
            className="small-movie-card__image"
          >
            <img
              alt="Test3"
              height="175"
              src="test3.jpg"
              width="280"
            />
          </div>
          <h3
            className="small-movie-card__title"
          >
            <a
              className="small-movie-card__link"
              href="movie-page.html"
            >
              Test3
            </a>
          </h3>
        </article>
      </div>
    </section>
    <footer
      className="page-footer"
    >
      <div
        className="logo"
      >
        <a
          className="logo__link logo__link--light"
        >
          <span
            className="logo__letter logo__letter--1"
          >
            W
          </span>
          <span
            className="logo__letter logo__letter--2"
          >
            T
          </span>
          <span
            className="logo__letter logo__letter--3"
          >
            W
          </span>
        </a>
      </div>
      <div
        className="copyright"
      >
        <p>
          Â© 2019 What to watch Ltd.
        </p>
      </div>
    </footer>
  </div>,
]
`;
