// Jest Snapshot v1, https://goo.gl/fbAQLP

exports[`VideoPlayer render correctly 1`] = `
<video
  height="100%"
  width="100%"
/>
`;
